// Jest Snapshot v1, https://goo.gl/fbAQLP

exports[`Ticker.js snapshot renders correctly, falsy values 1`] = `
<div
  className="top__body"
>
  <div
    className="top__column column-top"
  >
    <div
      className="column-top__row"
    >
      <div
        className="column-top__dot"
      />
      <p
        className="column-top__name"
      >
        15:40
      </p>
    </div>
    <div
      className="column-top__row"
    >
      <div
        className="column-top__percent"
      >
        Time
      </div>
      <div
        className="column-top__coefficient"
      >
        Decor
      </div>
    </div>
  </div>
</div>
`;

exports[`Ticker.js snapshot renders correctly, truthy values 1`] = `
<div
  className="top__body"
>
  <div
    className="top__column column-top"
  >
    <div
      className="column-top__row"
    >
      <div
        className="column-top__dot"
      />
      <p
        className="column-top__name"
      >
        15:40
      </p>
    </div>
    <div
      className="column-top__row"
    >
      <div
        className="column-top__percent"
      >
        Time
      </div>
      <div
        className="column-top__coefficient"
      >
        Decor
      </div>
    </div>
  </div>
</div>
`;
